                :-) GROMACS - gmx mdrun, 2025.3-conda_forge (-:

Executable:   /opt/miniconda3/envs/md-311/bin.AVX2_256/gmx
Data prefix:  /opt/miniconda3/envs/md-311
Working dir:  /Users/val/Projects/Protein-Bioinformatics
Command line:
  gmx mdrun -v -deffnm em -ntmpi 1 -ntomp 1


-------------------------------------------------------
Program:     gmx mdrun, version 2025.3-conda_forge
Source file: src/gromacs/options/options.cpp (line 184)
Function:    void gmx::internal::OptionSectionImpl::finish()

Error in user input:
Invalid input values
  In option s
    Required option was not provided, and the default file 'topol' does not
    exist or is not accessible.
    The following extensions were tried to complete the file name:
      .tpr

For more information and tips for troubleshooting, please check the GROMACS
website at https://manual.gromacs.org/current/user-guide/run-time-errors.html
-------------------------------------------------------
