               :-) GROMACS - gmx pdb2gmx, 2025.3-conda_forge (-:

Executable:   /opt/miniconda3/envs/md-311/bin.AVX2_256/gmx
Data prefix:  /opt/miniconda3/envs/md-311
Working dir:  /Users/val/Projects/Protein-Bioinformatics
Command line:
  gmx pdb2gmx -f 1fjs_protein.pdb -o 1fjs_processed.gro -water tip3p -ff charmm27


-------------------------------------------------------
Program:     gmx pdb2gmx, version 2025.3-conda_forge
Source file: src/gromacs/commandline/cmdlineparser.cpp (line 271)
Function:    void gmx::CommandLineParser::parse(int *, char **)

Error in user input:
Invalid command-line options
  In command-line option -f
    File '1fjs_protein.pdb' does not exist or is not accessible.
    The file could not be opened.
      Reason: No such file or directory
      (call to fopen() returned error code 2)

For more information and tips for troubleshooting, please check the GROMACS
website at https://manual.gromacs.org/current/user-guide/run-time-errors.html
-------------------------------------------------------
